// Jest Snapshot v1, https://goo.gl/fbAQLP

exports[`logToConsoleAwsLambda listener should print an error 1`] = `
Object {
  "format": "%s	%s	%s	%s
%s",
  "formatArgs": Array [
    "1970-01-01T00:00:00.000Z",
    "-",
    "ERROR",
    "",
    "Error: This is an error.                                                                                                                                                                                                                                       .",
    "
{
  \\"_time\\": {
    \\"stamp\\": \\"1970-01-01T00:00:00.000Z\\",
    \\"localStamp\\": \\"1970-01-01T01:00:00.000+01:00\\",
    \\"zone\\": \\"Europe/Stockholm\\",
    \\"utc_offset\\": 60
  },
  \\"_level\\": 30,
  \\"err\\": {
    \\"name\\": \\"Error\\",
    \\"message\\": \\"This is an error.\\",
    \\"stack\\": [
      \\"Error: This is an error.\\"
    ]
  },
  \\"msg\\": \\"Error: This is an error.\\"
}",
  ],
}
`;
