// Jest Snapshot v1, https://goo.gl/fbAQLP

exports[`logToConsole listener should print a message 1`] = `
Object {
  "consoleFun": "error",
  "format": "%s %s %s
%s",
  "formatArgs": Array [
    "1970-01-01T00:00:00.000Z",
    "ERROR",
    "",
    "This is a message.",
  ],
}
`;
